
a;dsljf;lkadjfsk
